// Jest Snapshot v1, https://goo.gl/fbAQLP

exports[`requireReactWeakly requires react module weakly 1`] = `
Object {
  "Children": Object {
    "count": [Function],
    "forEach": [Function],
    "map": [Function],
    "only": [Function],
    "toArray": [Function],
  },
  "Component": [Function],
  "DOM": Object {
    "a": [Function],
    "abbr": [Function],
    "address": [Function],
    "area": [Function],
    "article": [Function],
    "aside": [Function],
    "audio": [Function],
    "b": [Function],
    "base": [Function],
    "bdi": [Function],
    "bdo": [Function],
    "big": [Function],
    "blockquote": [Function],
    "body": [Function],
    "br": [Function],
    "button": [Function],
    "canvas": [Function],
    "caption": [Function],
    "circle": [Function],
    "cite": [Function],
    "clipPath": [Function],
    "code": [Function],
    "col": [Function],
    "colgroup": [Function],
    "data": [Function],
    "datalist": [Function],
    "dd": [Function],
    "defs": [Function],
    "del": [Function],
    "details": [Function],
    "dfn": [Function],
    "dialog": [Function],
    "div": [Function],
    "dl": [Function],
    "dt": [Function],
    "ellipse": [Function],
    "em": [Function],
    "embed": [Function],
    "fieldset": [Function],
    "figcaption": [Function],
    "figure": [Function],
    "footer": [Function],
    "form": [Function],
    "g": [Function],
    "h1": [Function],
    "h2": [Function],
    "h3": [Function],
    "h4": [Function],
    "h5": [Function],
    "h6": [Function],
    "head": [Function],
    "header": [Function],
    "hgroup": [Function],
    "hr": [Function],
    "html": [Function],
    "i": [Function],
    "iframe": [Function],
    "image": [Function],
    "img": [Function],
    "input": [Function],
    "ins": [Function],
    "kbd": [Function],
    "keygen": [Function],
    "label": [Function],
    "legend": [Function],
    "li": [Function],
    "line": [Function],
    "linearGradient": [Function],
    "link": [Function],
    "main": [Function],
    "map": [Function],
    "mark": [Function],
    "mask": [Function],
    "menu": [Function],
    "menuitem": [Function],
    "meta": [Function],
    "meter": [Function],
    "nav": [Function],
    "noscript": [Function],
    "object": [Function],
    "ol": [Function],
    "optgroup": [Function],
    "option": [Function],
    "output": [Function],
    "p": [Function],
    "param": [Function],
    "path": [Function],
    "pattern": [Function],
    "picture": [Function],
    "polygon": [Function],
    "polyline": [Function],
    "pre": [Function],
    "progress": [Function],
    "q": [Function],
    "radialGradient": [Function],
    "rect": [Function],
    "rp": [Function],
    "rt": [Function],
    "ruby": [Function],
    "s": [Function],
    "samp": [Function],
    "script": [Function],
    "section": [Function],
    "select": [Function],
    "small": [Function],
    "source": [Function],
    "span": [Function],
    "stop": [Function],
    "strong": [Function],
    "style": [Function],
    "sub": [Function],
    "summary": [Function],
    "sup": [Function],
    "svg": [Function],
    "table": [Function],
    "tbody": [Function],
    "td": [Function],
    "text": [Function],
    "textarea": [Function],
    "tfoot": [Function],
    "th": [Function],
    "thead": [Function],
    "time": [Function],
    "title": [Function],
    "tr": [Function],
    "track": [Function],
    "tspan": [Function],
    "u": [Function],
    "ul": [Function],
    "var": [Function],
    "video": [Function],
    "wbr": [Function],
  },
  "PropTypes": Object {
    "PropTypes": [Circular],
    "any": [Function],
    "array": [Function],
    "arrayOf": [Function],
    "bool": [Function],
    "checkPropTypes": [Function],
    "element": [Function],
    "func": [Function],
    "instanceOf": [Function],
    "node": [Function],
    "number": [Function],
    "object": [Function],
    "objectOf": [Function],
    "oneOf": [Function],
    "oneOfType": [Function],
    "shape": [Function],
    "string": [Function],
    "symbol": [Function],
  },
  "PureComponent": [Function],
  "__spread": [Function],
  "cloneElement": [Function],
  "createClass": [Function],
  "createElement": [Function],
  "createFactory": [Function],
  "createMixin": [Function],
  "isValidElement": [Function],
  "version": "15.6.1",
}
`;
